// Jest Snapshot v1, https://goo.gl/fbAQLP

exports[`2 - Block Render Test (snapshot) should render correctly 1`] = `ShallowWrapper {}`;
